<?xml version="1.0" encoding="utf-8"?><testsuites name="pytest tests"><testsuite name="pytest" errors="0" failures="0" skipped="0" tests="4" time="40.099" timestamp="2025-09-18T17:33:25.130434+05:30" hostname="ParasTech-Mac.local"><testcase classname="tests.test_login" name="test_valid_login" time="11.233" /><testcase classname="tests.test_login" name="test_invalid_login" time="9.579" /><testcase classname="tests.test_login" name="test_invalid_password" time="9.672" /><testcase classname="tests.test_login" name="test_invalid_user" time="9.590" /></testsuite></testsuites>